// Jest Snapshot v1, https://goo.gl/fbAQLP

exports[`User signup Should register user and return true 1`] = `
Object {
  "data": Object {
    "register": true,
  },
  "errors": undefined,
  "extensions": undefined,
  "http": Object {
    "headers": Headers {
      Symbol(map): Object {},
    },
  },
}
`;
